- Welcome to the {
}jungle{
    NSLink = "https://www.youtube.com/watch?v=o1tj2zJ2Wvg";
}
