- Welcome to the jungle{
    NSBackgroundColor = "<UIDynamicCatalogSystemColor; name = systemRedColor>";
    NSColor = "UIExtendedGrayColorSpace 1 1";
    NSFont = "<UICTFont> font-family: \"UICTFontTextStyleBody\"; font-weight: normal; font-style: normal; font-size: 17.00pt";
}
