- Welcome to the {
    NSFont = "<UICTFont> font-family: \"UICTFontTextStyleBody\"; font-weight: normal; font-style: normal; font-size: 17.00pt";
}jungle{
    NSFont = "<UICTFont> font-family: \"UICTFontTextStyleEmphasizedBody\"; font-weight: bold; font-style: normal; font-size: 17.00pt";
}
